// Vitest Snapshot v1, https://vitest.dev/guide/snapshot.html

exports[`<ShortUrlsRow /> > displays expected status icon 1`] = `
<svg
  aria-hidden="true"
  class="svg-inline--fa fa-calendar-xmark tw:text-danger"
  data-icon="calendar-xmark"
  data-prefix="fas"
  focusable="false"
  role="img"
  viewBox="0 0 512 512"
  xmlns="http://www.w3.org/2000/svg"
>
  <path
    d="M160 0c17.7 0 32 14.3 32 32V64H320V32c0-17.7 14.3-32 32-32s32 14.3 32 32V64h48c26.5 0 48 21.5 48 48v48H32V112c0-26.5 21.5-48 48-48h48V32c0-17.7 14.3-32 32-32zM32 192H480V464c0 26.5-21.5 48-48 48H80c-26.5 0-48-21.5-48-48V192zM337 305c9.4-9.4 9.4-24.6 0-33.9s-24.6-9.4-33.9 0l-47 47-47-47c-9.4-9.4-24.6-9.4-33.9 0s-9.4 24.6 0 33.9l47 47-47 47c-9.4 9.4-9.4 24.6 0 33.9s24.6 9.4 33.9 0l47-47 47 47c9.4 9.4 24.6 9.4 33.9 0s9.4-24.6 0-33.9l-47-47 47-47z"
    fill="currentColor"
  />
</svg>
`;

exports[`<ShortUrlsRow /> > displays expected status icon 2`] = `
<svg
  aria-hidden="true"
  class="svg-inline--fa fa-calendar-xmark tw:text-warning"
  data-icon="calendar-xmark"
  data-prefix="fas"
  focusable="false"
  role="img"
  viewBox="0 0 512 512"
  xmlns="http://www.w3.org/2000/svg"
>
  <path
    d="M160 0c17.7 0 32 14.3 32 32V64H320V32c0-17.7 14.3-32 32-32s32 14.3 32 32V64h48c26.5 0 48 21.5 48 48v48H32V112c0-26.5 21.5-48 48-48h48V32c0-17.7 14.3-32 32-32zM32 192H480V464c0 26.5-21.5 48-48 48H80c-26.5 0-48-21.5-48-48V192zM337 305c9.4-9.4 9.4-24.6 0-33.9s-24.6-9.4-33.9 0l-47 47-47-47c-9.4-9.4-24.6-9.4-33.9 0s-9.4 24.6 0 33.9l47 47-47 47c-9.4 9.4-9.4 24.6 0 33.9s24.6 9.4 33.9 0l47-47 47 47c9.4 9.4 24.6 9.4 33.9 0s9.4-24.6 0-33.9l-47-47 47-47z"
    fill="currentColor"
  />
</svg>
`;

exports[`<ShortUrlsRow /> > displays expected status icon 3`] = `
<svg
  aria-hidden="true"
  class="svg-inline--fa fa-link-slash tw:text-danger"
  data-icon="link-slash"
  data-prefix="fas"
  focusable="false"
  role="img"
  viewBox="0 0 640 512"
  xmlns="http://www.w3.org/2000/svg"
>
  <path
    d="M38.8 5.1C28.4-3.1 13.3-1.2 5.1 9.2S-1.2 34.7 9.2 42.9l592 464c10.4 8.2 25.5 6.3 33.7-4.1s6.3-25.5-4.1-33.7L489.3 358.2l90.5-90.5c56.5-56.5 56.5-148 0-204.5c-50-50-128.8-56.5-186.3-15.4l-1.6 1.1c-14.4 10.3-17.7 30.3-7.4 44.6s30.3 17.7 44.6 7.4l1.6-1.1c32.1-22.9 76-19.3 103.8 8.6c31.5 31.5 31.5 82.5 0 114l-96 96-31.9-25C430.9 239.6 420.1 175.1 377 132c-52.2-52.3-134.5-56.2-191.3-11.7L38.8 5.1zM239 162c30.1-14.9 67.7-9.9 92.8 15.3c20 20 27.5 48.3 21.7 74.5L239 162zM406.6 416.4L220.9 270c-2.1 39.8 12.2 80.1 42.2 110c38.9 38.9 94.4 51 143.6 36.3zm-290-228.5L60.2 244.3c-56.5 56.5-56.5 148 0 204.5c50 50 128.8 56.5 186.3 15.4l1.6-1.1c14.4-10.3 17.7-30.3 7.4-44.6s-30.3-17.7-44.6-7.4l-1.6 1.1c-32.1 22.9-76 19.3-103.8-8.6C74 372 74 321 105.5 289.5l61.8-61.8-50.6-39.9z"
    fill="currentColor"
  />
</svg>
`;

exports[`<ShortUrlsRow /> > displays expected status icon 4`] = `
<svg
  aria-hidden="true"
  class="svg-inline--fa fa-link-slash tw:text-danger"
  data-icon="link-slash"
  data-prefix="fas"
  focusable="false"
  role="img"
  viewBox="0 0 640 512"
  xmlns="http://www.w3.org/2000/svg"
>
  <path
    d="M38.8 5.1C28.4-3.1 13.3-1.2 5.1 9.2S-1.2 34.7 9.2 42.9l592 464c10.4 8.2 25.5 6.3 33.7-4.1s6.3-25.5-4.1-33.7L489.3 358.2l90.5-90.5c56.5-56.5 56.5-148 0-204.5c-50-50-128.8-56.5-186.3-15.4l-1.6 1.1c-14.4 10.3-17.7 30.3-7.4 44.6s30.3 17.7 44.6 7.4l1.6-1.1c32.1-22.9 76-19.3 103.8 8.6c31.5 31.5 31.5 82.5 0 114l-96 96-31.9-25C430.9 239.6 420.1 175.1 377 132c-52.2-52.3-134.5-56.2-191.3-11.7L38.8 5.1zM239 162c30.1-14.9 67.7-9.9 92.8 15.3c20 20 27.5 48.3 21.7 74.5L239 162zM406.6 416.4L220.9 270c-2.1 39.8 12.2 80.1 42.2 110c38.9 38.9 94.4 51 143.6 36.3zm-290-228.5L60.2 244.3c-56.5 56.5-56.5 148 0 204.5c50 50 128.8 56.5 186.3 15.4l1.6-1.1c14.4-10.3 17.7-30.3 7.4-44.6s-30.3-17.7-44.6-7.4l-1.6 1.1c-32.1 22.9-76 19.3-103.8-8.6C74 372 74 321 105.5 289.5l61.8-61.8-50.6-39.9z"
    fill="currentColor"
  />
</svg>
`;

exports[`<ShortUrlsRow /> > displays expected status icon 5`] = `
<svg
  aria-hidden="true"
  class="svg-inline--fa fa-calendar-xmark tw:text-danger"
  data-icon="calendar-xmark"
  data-prefix="fas"
  focusable="false"
  role="img"
  viewBox="0 0 512 512"
  xmlns="http://www.w3.org/2000/svg"
>
  <path
    d="M160 0c17.7 0 32 14.3 32 32V64H320V32c0-17.7 14.3-32 32-32s32 14.3 32 32V64h48c26.5 0 48 21.5 48 48v48H32V112c0-26.5 21.5-48 48-48h48V32c0-17.7 14.3-32 32-32zM32 192H480V464c0 26.5-21.5 48-48 48H80c-26.5 0-48-21.5-48-48V192zM337 305c9.4-9.4 9.4-24.6 0-33.9s-24.6-9.4-33.9 0l-47 47-47-47c-9.4-9.4-24.6-9.4-33.9 0s-9.4 24.6 0 33.9l47 47-47 47c-9.4 9.4-9.4 24.6 0 33.9s24.6 9.4 33.9 0l47-47 47 47c9.4 9.4 24.6 9.4 33.9 0s9.4-24.6 0-33.9l-47-47 47-47z"
    fill="currentColor"
  />
</svg>
`;

exports[`<ShortUrlsRow /> > displays expected status icon 6`] = `
<svg
  aria-hidden="true"
  class="svg-inline--fa fa-check tw:text-brand"
  data-icon="check"
  data-prefix="fas"
  focusable="false"
  role="img"
  viewBox="0 0 448 512"
  xmlns="http://www.w3.org/2000/svg"
>
  <path
    d="M438.6 105.4c12.5 12.5 12.5 32.8 0 45.3l-256 256c-12.5 12.5-32.8 12.5-45.3 0l-128-128c-12.5-12.5-12.5-32.8 0-45.3s32.8-12.5 45.3 0L160 338.7 393.4 105.4c12.5-12.5 32.8-12.5 45.3 0z"
    fill="currentColor"
  />
</svg>
`;

exports[`<ShortUrlsRow /> > displays expected status icon 7`] = `
<svg
  aria-hidden="true"
  class="svg-inline--fa fa-check tw:text-brand"
  data-icon="check"
  data-prefix="fas"
  focusable="false"
  role="img"
  viewBox="0 0 448 512"
  xmlns="http://www.w3.org/2000/svg"
>
  <path
    d="M438.6 105.4c12.5 12.5 12.5 32.8 0 45.3l-256 256c-12.5 12.5-32.8 12.5-45.3 0l-128-128c-12.5-12.5-12.5-32.8 0-45.3s32.8-12.5 45.3 0L160 338.7 393.4 105.4c12.5-12.5 32.8-12.5 45.3 0z"
    fill="currentColor"
  />
</svg>
`;

exports[`<ShortUrlsRow /> > displays expected status icon 8`] = `
<svg
  aria-hidden="true"
  class="svg-inline--fa fa-check tw:text-brand"
  data-icon="check"
  data-prefix="fas"
  focusable="false"
  role="img"
  viewBox="0 0 448 512"
  xmlns="http://www.w3.org/2000/svg"
>
  <path
    d="M438.6 105.4c12.5 12.5 12.5 32.8 0 45.3l-256 256c-12.5 12.5-32.8 12.5-45.3 0l-128-128c-12.5-12.5-12.5-32.8 0-45.3s32.8-12.5 45.3 0L160 338.7 393.4 105.4c12.5-12.5 32.8-12.5 45.3 0z"
    fill="currentColor"
  />
</svg>
`;
